// Jest Snapshot v1, https://goo.gl/fbAQLP

exports[`renders with default values 1`] = `
Array [
  <form
    onSubmit={[Function]}
  >
    <input
      autoComplete="off"
      autoFocus={true}
      className="input-pattern"
      maxLength={100}
      name="pattern"
      onChange={[Function]}
      placeholder="kr.k.r"
      spellCheck="false"
      type="text"
      value=""
    />
  </form>,
  <p>
    <em>
      <span
        className={null}
        style={Object {}}
      >
        0 karakters
      </span>
    </em>
  </p>,
  <table
    className="letter-blocks"
  >
    <tbody>
      <tr />
    </tbody>
  </table>,
  <div
    className="results-container"
  >
    <div>
      <p>
        Probeer een voorbeeld:
      </p>
      <ul
        className="list-examples"
      >
        <li>
          <a
            href="/?q=kr.k.r"
          >
            kr.k.r
          </a>
        </li>
        <li>
          <a
            href="/?q=kr...w..rd"
          >
            kr...w..rd
          </a>
        </li>
      </ul>
    </div>
  </div>,
]
`;
